d:\ai\github\voidimageviewer-master\voidimageviewer-master\vs2026\voidimageviewer\release\buffer_dec.obj
d:\ai\github\voidimageviewer-master\voidimageviewer-master\vs2026\voidimageviewer\release\demux.obj
d:\ai\github\voidimageviewer-master\voidimageviewer-master\vs2026\voidimageviewer\release\dec_msa.obj
d:\ai\github\voidimageviewer-master\voidimageviewer-master\vs2026\voidimageviewer\release\enc_mips32.obj
d:\ai\github\voidimageviewer-master\voidimageviewer-master\vs2026\voidimageviewer\release\filters.obj
d:\ai\github\voidimageviewer-master\voidimageviewer-master\vs2026\voidimageviewer\release\lossless_enc.obj
d:\ai\github\voidimageviewer-master\voidimageviewer-master\vs2026\voidimageviewer\release\upsampling_sse2.obj
d:\ai\github\voidimageviewer-master\voidimageviewer-master\vs2026\voidimageviewer\release\bit_reader_utils.obj
d:\ai\github\voidimageviewer-master\voidimageviewer-master\vs2026\voidimageviewer\release\thread_utils.obj
d:\ai\github\voidimageviewer-master\voidimageviewer-master\vs2026\voidimageviewer\release\os.obj
d:\ai\github\voidimageviewer-master\voidimageviewer-master\vs2026\voidimageviewer\release\tree_dec.obj
d:\ai\github\voidimageviewer-master\voidimageviewer-master\vs2026\voidimageviewer\release\alpha_processing_mips_dsp_r2.obj
d:\ai\github\voidimageviewer-master\voidimageviewer-master\vs2026\voidimageviewer\release\alpha_processing_sse41.obj
d:\ai\github\voidimageviewer-master\voidimageviewer-master\vs2026\voidimageviewer\release\cost_neon.obj
d:\ai\github\voidimageviewer-master\voidimageviewer-master\vs2026\voidimageviewer\release\dec_mips32.obj
d:\ai\github\voidimageviewer-master\voidimageviewer-master\vs2026\voidimageviewer\release\enc.obj
d:\ai\github\voidimageviewer-master\voidimageviewer-master\vs2026\voidimageviewer\release\lossless_sse2.obj
d:\ai\github\voidimageviewer-master\voidimageviewer-master\vs2026\voidimageviewer\release\rescaler_msa.obj
d:\ai\github\voidimageviewer-master\voidimageviewer-master\vs2026\voidimageviewer\release\ssim_sse2.obj
d:\ai\github\voidimageviewer-master\voidimageviewer-master\vs2026\voidimageviewer\release\upsampling_sse41.obj
d:\ai\github\voidimageviewer-master\voidimageviewer-master\vs2026\voidimageviewer\release\bit_writer_utils.obj
d:\ai\github\voidimageviewer-master\voidimageviewer-master\vs2026\voidimageviewer\release\rescaler_utils.obj
d:\ai\github\voidimageviewer-master\voidimageviewer-master\vs2026\voidimageviewer\release\render.obj
d:\ai\github\voidimageviewer-master\voidimageviewer-master\vs2026\voidimageviewer\release\render_gdi.obj
d:\ai\github\voidimageviewer-master\voidimageviewer-master\vs2026\voidimageviewer\release\render_software.obj
d:\ai\github\voidimageviewer-master\voidimageviewer-master\vs2026\voidimageviewer\release\small_pool.obj
d:\ai\github\voidimageviewer-master\voidimageviewer-master\vs2026\voidimageviewer\release\frame_dec.obj
d:\ai\github\voidimageviewer-master\voidimageviewer-master\vs2026\voidimageviewer\release\anim_decode.obj
d:\ai\github\voidimageviewer-master\voidimageviewer-master\vs2026\voidimageviewer\release\dec.obj
d:\ai\github\voidimageviewer-master\voidimageviewer-master\vs2026\voidimageviewer\release\lossless_enc_mips_dsp_r2.obj
d:\ai\github\voidimageviewer-master\voidimageviewer-master\vs2026\voidimageviewer\release\lossless_neon.obj
d:\ai\github\voidimageviewer-master\voidimageviewer-master\vs2026\voidimageviewer\release\rescaler_mips32.obj
d:\ai\github\voidimageviewer-master\voidimageviewer-master\vs2026\voidimageviewer\release\ssim.obj
d:\ai\github\voidimageviewer-master\voidimageviewer-master\vs2026\voidimageviewer\release\yuv_mips32.obj
d:\ai\github\voidimageviewer-master\voidimageviewer-master\vs2026\voidimageviewer\release\filters_utils.obj
d:\ai\github\voidimageviewer-master\voidimageviewer-master\vs2026\voidimageviewer\release\quant_levels_utils.obj
d:\ai\github\voidimageviewer-master\voidimageviewer-master\vs2026\voidimageviewer\release\random_utils.obj
d:\ai\github\voidimageviewer-master\voidimageviewer-master\vs2026\voidimageviewer\release\mem.obj
d:\ai\github\voidimageviewer-master\voidimageviewer-master\vs2026\voidimageviewer\release\wchar.obj
d:\ai\github\voidimageviewer-master\voidimageviewer-master\vs2026\voidimageviewer\release\vp8l_dec.obj
d:\ai\github\voidimageviewer-master\voidimageviewer-master\vs2026\voidimageviewer\release\cost_mips32.obj
d:\ai\github\voidimageviewer-master\voidimageviewer-master\vs2026\voidimageviewer\release\cpu.obj
d:\ai\github\voidimageviewer-master\voidimageviewer-master\vs2026\voidimageviewer\release\enc_sse41.obj
d:\ai\github\voidimageviewer-master\voidimageviewer-master\vs2026\voidimageviewer\release\lossless.obj
d:\ai\github\voidimageviewer-master\voidimageviewer-master\vs2026\voidimageviewer\release\upsampling_mips_dsp_r2.obj
d:\ai\github\voidimageviewer-master\voidimageviewer-master\vs2026\voidimageviewer\release\yuv_neon.obj
d:\ai\github\voidimageviewer-master\voidimageviewer-master\vs2026\voidimageviewer\release\huffman_encode_utils.obj
d:\ai\github\voidimageviewer-master\voidimageviewer-master\vs2026\voidimageviewer\release\config.obj
d:\ai\github\voidimageviewer-master\voidimageviewer-master\vs2026\voidimageviewer\release\utf8.obj
d:\ai\github\voidimageviewer-master\voidimageviewer-master\vs2026\voidimageviewer\release\quant_dec.obj
d:\ai\github\voidimageviewer-master\voidimageviewer-master\vs2026\voidimageviewer\release\vp8_dec.obj
d:\ai\github\voidimageviewer-master\voidimageviewer-master\vs2026\voidimageviewer\release\cost_sse2.obj
d:\ai\github\voidimageviewer-master\voidimageviewer-master\vs2026\voidimageviewer\release\dec_mips_dsp_r2.obj
d:\ai\github\voidimageviewer-master\voidimageviewer-master\vs2026\voidimageviewer\release\dec_sse2.obj
d:\ai\github\voidimageviewer-master\voidimageviewer-master\vs2026\voidimageviewer\release\enc_sse2.obj
d:\ai\github\voidimageviewer-master\voidimageviewer-master\vs2026\voidimageviewer\release\filters_neon.obj
d:\ai\github\voidimageviewer-master\voidimageviewer-master\vs2026\voidimageviewer\release\lossless_enc_neon.obj
d:\ai\github\voidimageviewer-master\voidimageviewer-master\vs2026\voidimageviewer\release\lossless_msa.obj
d:\ai\github\voidimageviewer-master\voidimageviewer-master\vs2026\voidimageviewer\release\rescaler_mips_dsp_r2.obj
d:\ai\github\voidimageviewer-master\voidimageviewer-master\vs2026\voidimageviewer\release\rescaler_sse2.obj
d:\ai\github\voidimageviewer-master\voidimageviewer-master\vs2026\voidimageviewer\release\yuv.obj
d:\ai\github\voidimageviewer-master\voidimageviewer-master\vs2026\voidimageviewer\release\huffman_utils.obj
d:\ai\github\voidimageviewer-master\voidimageviewer-master\vs2026\voidimageviewer\release\ini.obj
d:\ai\github\voidimageviewer-master\voidimageviewer-master\vs2026\voidimageviewer\release\webp.obj
d:\ai\github\voidimageviewer-master\voidimageviewer-master\vs2026\voidimageviewer\release\idec_dec.obj
d:\ai\github\voidimageviewer-master\voidimageviewer-master\vs2026\voidimageviewer\release\alpha_processing_neon.obj
d:\ai\github\voidimageviewer-master\voidimageviewer-master\vs2026\voidimageviewer\release\cost.obj
d:\ai\github\voidimageviewer-master\voidimageviewer-master\vs2026\voidimageviewer\release\enc_msa.obj
d:\ai\github\voidimageviewer-master\voidimageviewer-master\vs2026\voidimageviewer\release\filters_sse2.obj
d:\ai\github\voidimageviewer-master\voidimageviewer-master\vs2026\voidimageviewer\release\lossless_enc_sse2.obj
d:\ai\github\voidimageviewer-master\voidimageviewer-master\vs2026\voidimageviewer\release\lossless_mips_dsp_r2.obj
d:\ai\github\voidimageviewer-master\voidimageviewer-master\vs2026\voidimageviewer\release\rescaler.obj
d:\ai\github\voidimageviewer-master\voidimageviewer-master\vs2026\voidimageviewer\release\upsampling.obj
d:\ai\github\voidimageviewer-master\voidimageviewer-master\vs2026\voidimageviewer\release\yuv_mips_dsp_r2.obj
d:\ai\github\voidimageviewer-master\voidimageviewer-master\vs2026\voidimageviewer\release\color_cache_utils.obj
d:\ai\github\voidimageviewer-master\voidimageviewer-master\vs2026\voidimageviewer\release\utils.obj
d:\ai\github\voidimageviewer-master\voidimageviewer-master\vs2026\voidimageviewer\release\render_d3d.obj
d:\ai\github\voidimageviewer-master\voidimageviewer-master\vs2026\voidimageviewer\release\render_opengl.obj
d:\ai\github\voidimageviewer-master\voidimageviewer-master\vs2026\voidimageviewer\release\safe_size.obj
d:\ai\github\voidimageviewer-master\voidimageviewer-master\vs2026\voidimageviewer\release\alpha_dec.obj
d:\ai\github\voidimageviewer-master\voidimageviewer-master\vs2026\voidimageviewer\release\webp_dec.obj
d:\ai\github\voidimageviewer-master\voidimageviewer-master\vs2026\voidimageviewer\release\dec_neon.obj
d:\ai\github\voidimageviewer-master\voidimageviewer-master\vs2026\voidimageviewer\release\enc_mips_dsp_r2.obj
d:\ai\github\voidimageviewer-master\voidimageviewer-master\vs2026\voidimageviewer\release\filters_mips_dsp_r2.obj
d:\ai\github\voidimageviewer-master\voidimageviewer-master\vs2026\voidimageviewer\release\lossless_enc_mips32.obj
d:\ai\github\voidimageviewer-master\voidimageviewer-master\vs2026\voidimageviewer\release\upsampling_msa.obj
d:\ai\github\voidimageviewer-master\voidimageviewer-master\vs2026\voidimageviewer\release\yuv_sse41.obj
d:\ai\github\voidimageviewer-master\voidimageviewer-master\vs2026\voidimageviewer\release\quant_levels_dec_utils.obj
d:\ai\github\voidimageviewer-master\voidimageviewer-master\vs2026\voidimageviewer\release\debug.obj
d:\ai\github\voidimageviewer-master\voidimageviewer-master\vs2026\voidimageviewer\release\string.obj
d:\ai\github\voidimageviewer-master\voidimageviewer-master\vs2026\voidimageviewer\release\io_dec.obj
d:\ai\github\voidimageviewer-master\voidimageviewer-master\vs2026\voidimageviewer\release\alpha_processing.obj
d:\ai\github\voidimageviewer-master\voidimageviewer-master\vs2026\voidimageviewer\release\alpha_processing_sse2.obj
d:\ai\github\voidimageviewer-master\voidimageviewer-master\vs2026\voidimageviewer\release\cost_mips_dsp_r2.obj
d:\ai\github\voidimageviewer-master\voidimageviewer-master\vs2026\voidimageviewer\release\dec_clip_tables.obj
d:\ai\github\voidimageviewer-master\voidimageviewer-master\vs2026\voidimageviewer\release\dec_sse41.obj
d:\ai\github\voidimageviewer-master\voidimageviewer-master\vs2026\voidimageviewer\release\enc_neon.obj
d:\ai\github\voidimageviewer-master\voidimageviewer-master\vs2026\voidimageviewer\release\filters_msa.obj
d:\ai\github\voidimageviewer-master\voidimageviewer-master\vs2026\voidimageviewer\release\lossless_enc_msa.obj
d:\ai\github\voidimageviewer-master\voidimageviewer-master\vs2026\voidimageviewer\release\lossless_enc_sse41.obj
d:\ai\github\voidimageviewer-master\voidimageviewer-master\vs2026\voidimageviewer\release\lossless_sse41.obj
d:\ai\github\voidimageviewer-master\voidimageviewer-master\vs2026\voidimageviewer\release\rescaler_neon.obj
d:\ai\github\voidimageviewer-master\voidimageviewer-master\vs2026\voidimageviewer\release\upsampling_neon.obj
d:\ai\github\voidimageviewer-master\voidimageviewer-master\vs2026\voidimageviewer\release\yuv_sse2.obj
d:\ai\github\voidimageviewer-master\voidimageviewer-master\vs2026\voidimageviewer\release\palette.obj
d:\ai\github\voidimageviewer-master\voidimageviewer-master\vs2026\voidimageviewer\release\localization.obj
d:\ai\github\voidimageviewer-master\voidimageviewer-master\vs2026\voidimageviewer\release\viv.obj
d:\ai\github\voidimageviewer-master\voidimageviewer-master\vs2026\release\voidimageviewer.exe
d:\ai\github\voidimageviewer-master\voidimageviewer-master\vs2026\release\voidimageviewer.pdb
d:\ai\github\voidimageviewer-master\voidimageviewer-master\vs2026\voidimageviewer\release\voidimageviewer.res
d:\ai\github\voidimageviewer-master\voidimageviewer-master\vs2026\voidimageviewer\release\voidimageviewer.tlog\cl.14328.write.1.tlog
d:\ai\github\voidimageviewer-master\voidimageviewer-master\vs2026\voidimageviewer\release\voidimageviewer.tlog\cl.command.1.tlog
d:\ai\github\voidimageviewer-master\voidimageviewer-master\vs2026\voidimageviewer\release\voidimageviewer.tlog\cl.items.tlog
d:\ai\github\voidimageviewer-master\voidimageviewer-master\vs2026\voidimageviewer\release\voidimageviewer.tlog\cl.read.1.tlog
d:\ai\github\voidimageviewer-master\voidimageviewer-master\vs2026\voidimageviewer\release\voidimageviewer.tlog\link.command.1.tlog
d:\ai\github\voidimageviewer-master\voidimageviewer-master\vs2026\voidimageviewer\release\voidimageviewer.tlog\link.read.1.tlog
d:\ai\github\voidimageviewer-master\voidimageviewer-master\vs2026\voidimageviewer\release\voidimageviewer.tlog\link.secondary.1.tlog
d:\ai\github\voidimageviewer-master\voidimageviewer-master\vs2026\voidimageviewer\release\voidimageviewer.tlog\link.write.1.tlog
d:\ai\github\voidimageviewer-master\voidimageviewer-master\vs2026\voidimageviewer\release\voidimageviewer.tlog\rc.command.1.tlog
d:\ai\github\voidimageviewer-master\voidimageviewer-master\vs2026\voidimageviewer\release\voidimageviewer.tlog\rc.read.1.tlog
d:\ai\github\voidimageviewer-master\voidimageviewer-master\vs2026\voidimageviewer\release\voidimageviewer.tlog\rc.write.1.tlog
